/root/miniconda3/envs/orca/lib/python3.10/site-packages/torch/functional.py:504: UserWarning: torch.meshgrid: in an upcoming release, it will be required to pass the indexing argument. (Triggered internally at ../aten/src/ATen/native/TensorShape.cpp:3526.)
  return _VF.meshgrid(tensors, **kwargs)  # type: ignore[attr-defined]
[INFO|trainer.py:564] 2026-04-09 09:04:41,589 >> max_steps is given, it will override any value given in num_train_epochs
[INFO|trainer.py:621] 2026-04-09 09:04:41,589 >> Using cuda_amp half precision backend
/root/miniconda3/envs/orca/lib/python3.10/site-packages/transformers/optimization.py:391: FutureWarning: This implementation of AdamW is deprecated and will be removed in a future version. Use the PyTorch implementation torch.optim.AdamW instead, or set `no_deprecation_warning=True` to disable this warning
  warnings.warn(
  0%|          | 0/10 [00:00<?, ?it/s]/mnt/data/zhu.yishun/ORCA-DL-main/ultra-ORCADL/trainer/utils.py:166: UserWarning: TypedStorage is deprecated. It will be removed in the future and UntypedStorage will be the only storage class. This should only matter to you if you are using storages directly.  To access UntypedStorage directly, use tensor.untyped_storage() instead of tensor.storage()
  storage = elem.storage()._new_shared(numel, device=elem.device)
/mnt/data/zhu.yishun/ORCA-DL-main/ultra-ORCADL/trainer/utils.py:166: UserWarning: TypedStorage is deprecated. It will be removed in the future and UntypedStorage will be the only storage class. This should only matter to you if you are using storages directly.  To access UntypedStorage directly, use tensor.untyped_storage() instead of tensor.storage()
  storage = elem.storage()._new_shared(numel, device=elem.device)
/mnt/data/zhu.yishun/ORCA-DL-main/ultra-ORCADL/trainer/utils.py:166: UserWarning: TypedStorage is deprecated. It will be removed in the future and UntypedStorage will be the only storage class. This should only matter to you if you are using storages directly.  To access UntypedStorage directly, use tensor.untyped_storage() instead of tensor.storage()
  storage = elem.storage()._new_shared(numel, device=elem.device)
/mnt/data/zhu.yishun/ORCA-DL-main/ultra-ORCADL/trainer/utils.py:166: UserWarning: TypedStorage is deprecated. It will be removed in the future and UntypedStorage will be the only storage class. This should only matter to you if you are using storages directly.  To access UntypedStorage directly, use tensor.untyped_storage() instead of tensor.storage()
  storage = elem.storage()._new_shared(numel, device=elem.device)
 10%|█         | 1/10 [00:12<01:50, 12.27s/it] 20%|██        | 2/10 [00:18<01:10,  8.85s/it] 30%|███       | 3/10 [00:24<00:52,  7.50s/it] 40%|████      | 4/10 [00:30<00:41,  6.91s/it] 50%|█████     | 5/10 [00:36<00:33,  6.61s/it] 60%|██████    | 6/10 [00:42<00:25,  6.28s/it] 70%|███████   | 7/10 [00:48<00:18,  6.14s/it] 80%|████████  | 8/10 [00:54<00:12,  6.16s/it] 90%|█████████ | 9/10 [01:00<00:06,  6.07s/it]100%|██████████| 10/10 [01:06<00:00,  6.03s/it]                                               100%|██████████| 10/10 [01:08<00:00,  6.03s/it]100%|██████████| 10/10 [01:08<00:00,  6.86s/it]
[INFO|configuration_utils.py:457] 2026-04-09 09:05:51,008 >> Configuration saved in /mnt/data/zhu.yishun/ORCA-DL-main/ultra-ORCADL/output-verify-10step-10eval-20260409_090235/config.json
[INFO|modeling_utils.py:1847] 2026-04-09 09:05:56,061 >> Model weights saved in /mnt/data/zhu.yishun/ORCA-DL-main/ultra-ORCADL/output-verify-10step-10eval-20260409_090235/pytorch_model.bin
[INFO|trainer_utils.py:692] 2026-04-09 09:05:59,437 >> The following columns in the evaluation set don't have a corresponding argument in `ORCADLModel.forward` and have been ignored: start_month. If start_month are not expected by `ORCADLModel.forward`,  you can safely ignore this message.
/mnt/data/zhu.yishun/ORCA-DL-main/ultra-ORCADL/trainer/utils.py:166: UserWarning: TypedStorage is deprecated. It will be removed in the future and UntypedStorage will be the only storage class. This should only matter to you if you are using storages directly.  To access UntypedStorage directly, use tensor.untyped_storage() instead of tensor.storage()
  storage = elem.storage()._new_shared(numel, device=elem.device)
[INFO|trainer_utils.py:692] 2026-04-09 09:05:59,497 >> The following columns in the evaluation set don't have a corresponding argument in `ORCADLModel.forward` and have been ignored: start_month. If start_month are not expected by `ORCADLModel.forward`,  you can safely ignore this message.
/mnt/data/zhu.yishun/ORCA-DL-main/ultra-ORCADL/trainer/utils.py:166: UserWarning: TypedStorage is deprecated. It will be removed in the future and UntypedStorage will be the only storage class. This should only matter to you if you are using storages directly.  To access UntypedStorage directly, use tensor.untyped_storage() instead of tensor.storage()
  storage = elem.storage()._new_shared(numel, device=elem.device)
  0%|          | 0/2 [00:00<?, ?it/s]100%|██████████| 2/2 [00:00<00:00,  5.49it/s]100%|██████████| 2/2 [00:00<00:00,  4.85it/s]
