/root/miniconda3/envs/orca/lib/python3.10/site-packages/torch/functional.py:504: UserWarning: torch.meshgrid: in an upcoming release, it will be required to pass the indexing argument. (Triggered internally at ../aten/src/ATen/native/TensorShape.cpp:3526.)
  return _VF.meshgrid(tensors, **kwargs)  # type: ignore[attr-defined]
/root/miniconda3/envs/orca/lib/python3.10/site-packages/transformers/optimization.py:391: FutureWarning: This implementation of AdamW is deprecated and will be removed in a future version. Use the PyTorch implementation torch.optim.AdamW instead, or set `no_deprecation_warning=True` to disable this warning
  warnings.warn(
/mnt/data/zhu.yishun/ORCA-DL-main/ultra-ORCADL/trainer/utils.py:166: UserWarning: TypedStorage is deprecated. It will be removed in the future and UntypedStorage will be the only storage class. This should only matter to you if you are using storages directly.  To access UntypedStorage directly, use tensor.untyped_storage() instead of tensor.storage()
  storage = elem.storage()._new_shared(numel, device=elem.device)
/mnt/data/zhu.yishun/ORCA-DL-main/ultra-ORCADL/trainer/utils.py:166: UserWarning: TypedStorage is deprecated. It will be removed in the future and UntypedStorage will be the only storage class. This should only matter to you if you are using storages directly.  To access UntypedStorage directly, use tensor.untyped_storage() instead of tensor.storage()
  storage = elem.storage()._new_shared(numel, device=elem.device)
/mnt/data/zhu.yishun/ORCA-DL-main/ultra-ORCADL/trainer/utils.py:166: UserWarning: TypedStorage is deprecated. It will be removed in the future and UntypedStorage will be the only storage class. This should only matter to you if you are using storages directly.  To access UntypedStorage directly, use tensor.untyped_storage() instead of tensor.storage()
  storage = elem.storage()._new_shared(numel, device=elem.device)
/mnt/data/zhu.yishun/ORCA-DL-main/ultra-ORCADL/trainer/utils.py:166: UserWarning: TypedStorage is deprecated. It will be removed in the future and UntypedStorage will be the only storage class. This should only matter to you if you are using storages directly.  To access UntypedStorage directly, use tensor.untyped_storage() instead of tensor.storage()
  storage = elem.storage()._new_shared(numel, device=elem.device)
/root/miniconda3/envs/orca/lib/python3.10/site-packages/torch/utils/checkpoint.py:429: UserWarning: torch.utils.checkpoint: please pass in use_reentrant=True or use_reentrant=False explicitly. The default value of use_reentrant will be updated to be False in the future. To maintain current behavior, pass use_reentrant=True. It is recommended that you use use_reentrant=False. Refer to docs for more details on the differences between the two variants.
  warnings.warn(
/root/miniconda3/envs/orca/lib/python3.10/site-packages/torch/utils/checkpoint.py:61: UserWarning: None of the inputs have requires_grad=True. Gradients will be None
  warnings.warn(
Traceback (most recent call last):
  File "/mnt/data/zhu.yishun/ORCA-DL-main/ultra-ORCADL/train.py", line 213, in <module>
    main()
  File "/root/miniconda3/envs/orca/lib/python3.10/site-packages/torch/distributed/elastic/multiprocessing/errors/__init__.py", line 346, in wrapper
    return f(*args, **kwargs)
  File "/mnt/data/zhu.yishun/ORCA-DL-main/ultra-ORCADL/train.py", line 187, in main
    train_result = trainer.train(resume_from_checkpoint=checkpoint)
  File "/mnt/data/zhu.yishun/ORCA-DL-main/ultra-ORCADL/trainer/trainer.py", line 433, in train
    return inner_training_loop(
  File "/mnt/data/zhu.yishun/ORCA-DL-main/ultra-ORCADL/trainer/trainer.py", line 699, in _inner_training_loop
    tr_loss_step = self.training_step(model, inputs)
  File "/root/miniconda3/envs/orca/lib/python3.10/site-packages/transformers/trainer.py", line 2699, in training_step
    loss = self.compute_loss(model, inputs)
  File "/mnt/data/zhu.yishun/ORCA-DL-main/ultra-ORCADL/trainer/trainer.py", line 208, in compute_loss
    outputs = model(**inputs)
  File "/root/miniconda3/envs/orca/lib/python3.10/site-packages/torch/nn/modules/module.py", line 1518, in _wrapped_call_impl
    return self._call_impl(*args, **kwargs)
  File "/root/miniconda3/envs/orca/lib/python3.10/site-packages/torch/nn/modules/module.py", line 1527, in _call_impl
    return forward_call(*args, **kwargs)
  File "/root/miniconda3/envs/orca/lib/python3.10/site-packages/torch/nn/parallel/distributed.py", line 1519, in forward
    else self._run_ddp_forward(*inputs, **kwargs)
  File "/root/miniconda3/envs/orca/lib/python3.10/site-packages/torch/nn/parallel/distributed.py", line 1355, in _run_ddp_forward
    return self.module(*inputs, **kwargs)  # type: ignore[index]
  File "/root/miniconda3/envs/orca/lib/python3.10/site-packages/torch/nn/modules/module.py", line 1518, in _wrapped_call_impl
    return self._call_impl(*args, **kwargs)
  File "/root/miniconda3/envs/orca/lib/python3.10/site-packages/torch/nn/modules/module.py", line 1527, in _call_impl
    return forward_call(*args, **kwargs)
  File "/mnt/data/zhu.yishun/ORCA-DL-main/ultra-ORCADL/model/orca_dl.py", line 749, in forward
    return self.forward_single_step(ocean_vars=ocean_vars,
  File "/mnt/data/zhu.yishun/ORCA-DL-main/ultra-ORCADL/model/orca_dl.py", line 665, in forward_single_step
    x, enc_x = self.enc_ocean(ocean_vars, lead_time, self.all_land_mask_pad, self.all_land_mask_pad_shifted, mask)
  File "/root/miniconda3/envs/orca/lib/python3.10/site-packages/torch/nn/modules/module.py", line 1518, in _wrapped_call_impl
    return self._call_impl(*args, **kwargs)
  File "/root/miniconda3/envs/orca/lib/python3.10/site-packages/torch/nn/modules/module.py", line 1527, in _call_impl
    return forward_call(*args, **kwargs)
  File "/mnt/data/zhu.yishun/ORCA-DL-main/ultra-ORCADL/model/orca_dl.py", line 295, in forward
    x, hidden_x = self.encoder_list[i](x_split[i], lead_time, all_land_mask_pad, all_land_mask_pad_shifted)
  File "/root/miniconda3/envs/orca/lib/python3.10/site-packages/torch/nn/modules/module.py", line 1518, in _wrapped_call_impl
    return self._call_impl(*args, **kwargs)
  File "/root/miniconda3/envs/orca/lib/python3.10/site-packages/torch/nn/modules/module.py", line 1527, in _call_impl
    return forward_call(*args, **kwargs)
  File "/mnt/data/zhu.yishun/ORCA-DL-main/ultra-ORCADL/model/orca_dl.py", line 201, in forward
    x, x_before_downsample = self.stages[i](
  File "/root/miniconda3/envs/orca/lib/python3.10/site-packages/torch/nn/modules/module.py", line 1518, in _wrapped_call_impl
    return self._call_impl(*args, **kwargs)
  File "/root/miniconda3/envs/orca/lib/python3.10/site-packages/torch/nn/modules/module.py", line 1527, in _call_impl
    return forward_call(*args, **kwargs)
  File "/mnt/data/zhu.yishun/ORCA-DL-main/ultra-ORCADL/model/layer.py", line 423, in forward
    x = blk(x, attn_mask, attn_mask_shifted, lead_t)
  File "/root/miniconda3/envs/orca/lib/python3.10/site-packages/torch/nn/modules/module.py", line 1518, in _wrapped_call_impl
    return self._call_impl(*args, **kwargs)
  File "/root/miniconda3/envs/orca/lib/python3.10/site-packages/torch/nn/modules/module.py", line 1527, in _call_impl
    return forward_call(*args, **kwargs)
  File "/mnt/data/zhu.yishun/ORCA-DL-main/ultra-ORCADL/model/layer.py", line 364, in forward
    x = x + checkpoint.checkpoint(self.forward_part2, x, lead_t)
  File "/root/miniconda3/envs/orca/lib/python3.10/site-packages/torch/_compile.py", line 24, in inner
    return torch._dynamo.disable(fn, recursive)(*args, **kwargs)
  File "/root/miniconda3/envs/orca/lib/python3.10/site-packages/torch/_dynamo/eval_frame.py", line 328, in _fn
    return fn(*args, **kwargs)
  File "/root/miniconda3/envs/orca/lib/python3.10/site-packages/torch/_dynamo/external_utils.py", line 17, in inner
    return fn(*args, **kwargs)
  File "/root/miniconda3/envs/orca/lib/python3.10/site-packages/torch/utils/checkpoint.py", line 451, in checkpoint
    return CheckpointFunction.apply(function, preserve, *args)
  File "/root/miniconda3/envs/orca/lib/python3.10/site-packages/torch/autograd/function.py", line 539, in apply
    return super().apply(*args, **kwargs)  # type: ignore[misc]
  File "/root/miniconda3/envs/orca/lib/python3.10/site-packages/torch/utils/checkpoint.py", line 230, in forward
    outputs = run_function(*args)
  File "/mnt/data/zhu.yishun/ORCA-DL-main/ultra-ORCADL/model/layer.py", line 344, in forward_part2
    return self.drop_path(self.mlp(self.norm2(x), lead_t))
  File "/root/miniconda3/envs/orca/lib/python3.10/site-packages/torch/nn/modules/module.py", line 1518, in _wrapped_call_impl
    return self._call_impl(*args, **kwargs)
  File "/root/miniconda3/envs/orca/lib/python3.10/site-packages/torch/nn/modules/module.py", line 1527, in _call_impl
    return forward_call(*args, **kwargs)
  File "/mnt/data/zhu.yishun/ORCA-DL-main/ultra-ORCADL/model/layer.py", line 69, in forward
    out[idx] = mlp(selected_x)
RuntimeError: Index put requires the source and destination dtypes match, got Float for the destination and BFloat16 for the source.
