04/09/2026 00:22:49 - WARNING - __main__ - Process global rank: 0, local rank: 0, device: cuda:0, n_gpu: 1, distributed: True, 16-bits: False
04/09/2026 00:22:49 - INFO - __main__ - Training/evaluation parameters TrainingArguments(
_n_gpu=1,
adafactor=False,
adam_beta1=0.9,
adam_beta2=0.95,
adam_epsilon=1e-06,
auto_find_batch_size=False,
bf16=False,
bf16_full_eval=False,
data_seed=None,
dataloader_drop_last=False,
dataloader_num_workers=0,
dataloader_pin_memory=True,
dataset=cmip6,
ddp_bucket_cap_mb=None,
ddp_find_unused_parameters=False,
ddp_timeout=1800,
debug=[],
deepspeed=None,
disable_tqdm=False,
dist_port=13262,
do_eval=True,
do_predict=False,
do_train=True,
eval_accumulation_steps=None,
eval_delay=0,
eval_steps=None,
evaluation_strategy=no,
fp16=False,
fp16_backend=auto,
fp16_full_eval=False,
fp16_opt_level=O1,
fsdp=[],
fsdp_config={'fsdp_min_num_params': 0, 'xla': False, 'xla_fsdp_grad_ckpt': False},
fsdp_min_num_params=0,
fsdp_transformer_layer_cls_to_wrap=None,
full_determinism=False,
gradient_accumulation_steps=1,
gradient_checkpointing=False,
greater_is_better=None,
group_by_length=False,
half_precision_backend=auto,
hub_model_id=None,
hub_private_repo=False,
hub_strategy=every_save,
hub_token=<HUB_TOKEN>,
ignore_data_skip=False,
include_inputs_for_metrics=False,
inputs_key_for_metrics=None,
jit_mode_eval=False,
label_names=None,
label_smoothing_factor=0.0,
learning_rate=0.0002,
length_column_name=length,
load_best_model_at_end=False,
local_rank=0,
log_level=info,
log_level_replica=warning,
log_on_each_node=False,
logging_dir=/mnt/data/zhu.yishun/ORCA-DL-main/ultra-ORCADL/output-debug-ddp/log,
logging_first_step=False,
logging_nan_inf_filter=True,
logging_steps=30,
logging_strategy=steps,
lr_scheduler_type=cosine,
lr_scheduler_type_custom=None,
max_grad_norm=0.0,
max_steps=1,
metric_for_best_model=None,
min_learning_rate=0.0,
model=swin,
mp_parameters=,
no_cuda=False,
num_train_epochs=1.0,
optim=adamw_hf,
optim_args=None,
output_dir=/mnt/data/zhu.yishun/ORCA-DL-main/ultra-ORCADL/output-debug-ddp,
overwrite_output_dir=True,
past_index=-1,
per_device_eval_batch_size=16,
per_device_train_batch_size=16,
prediction_loss_only=False,
push_to_hub=False,
push_to_hub_model_id=None,
push_to_hub_organization=None,
push_to_hub_token=<PUSH_TO_HUB_TOKEN>,
ray_scope=last,
remove_unused_columns=True,
report_to=[],
resume_from_checkpoint=None,
run_name=/mnt/data/zhu.yishun/ORCA-DL-main/ultra-ORCADL/output-debug-ddp,
save_on_each_node=False,
save_safetensors=False,
save_steps=100,
save_strategy=steps,
save_total_limit=1,
seed=1,
sharded_ddp=[],
skip_memory_metrics=True,
tf32=None,
torch_compile=False,
torch_compile_backend=None,
torch_compile_mode=None,
torchdynamo=None,
tpu_metrics_debug=False,
tpu_num_cores=None,
use_ipex=False,
use_legacy_prediction_loop=False,
use_mps_device=False,
warmup_ratio=0.1,
warmup_steps=0,
weight_decay=0.1,
xpu_backend=None,
)
04/09/2026 00:25:08 - WARNING - __main__ - Using target model config defined in /mnt/data/zhu.yishun/ORCA-DL-main/ultra-ORCADL/model_config.json
04/09/2026 00:25:20 - WARNING - __main__ - Trying to train a model from scratch
04/09/2026 00:25:20 - INFO - __main__ - Model Config ORCADLConfig {
  "architectures": [
    "ORCADLModel"
  ],
  "atmo_dims": 2,
  "atmo_embed_dims": 64,
  "atmo_var_list": [
    "tauu",
    "tauv"
  ],
  "attn_drop": 0.0,
  "drop_path_rate": 0.2,
  "drop_rate": 0.0,
  "embed_dim": 96,
  "enc_depths": [
    2,
    2,
    2
  ],
  "enc_heads": [
    3,
    6,
    12
  ],
  "hidden_act": "gelu",
  "in_chans": [
    16,
    16,
    1,
    16,
    16,
    1,
    1,
    1,
    1,
    1,
    1,
    1,
    1,
    16
  ],
  "in_steps": 1,
  "input_shape": [
    128,
    360
  ],
  "is_moe": true,
  "is_moe_atmo": false,
  "is_moe_decoder": true,
  "is_moe_encoder": true,
  "lat_space": [
    -63.5,
    63.5,
    128
  ],
  "layer_norm_eps": 1e-05,
  "lg_depths": [
    2,
    2
  ],
  "lg_heads": [
    12,
    12
  ],
  "lg_hidden_dim": 1152,
  "lon_space": [
    0.5,
    359.5,
    360
  ],
  "loss_type": "rmse",
  "mask_patch_size": [
    8,
    12
  ],
  "mask_ratio": 0.8,
  "max_t": 6,
  "mlp_ratio": 4.0,
  "out_chans": [
    16,
    16,
    1,
    16,
    16,
    1,
    1,
    1,
    1,
    1,
    1,
    1,
    1,
    16
  ],
  "patch_norm": true,
  "patch_size": [
    2,
    3
  ],
  "predict_time_steps": 1,
  "qk_scale": null,
  "qkv_bias": true,
  "torch_dtype": "float32",
  "transformers_version": "4.28.1",
  "use_absolute_embeddings": true,
  "use_land_mask": true,
  "use_mask_token": false,
  "var_index": [
    0,
    1,
    0,
    2,
    3,
    1,
    2,
    3,
    4,
    5,
    6,
    7,
    8,
    4
  ],
  "var_list": [
    "so",
    "thetao",
    "tos",
    "uo",
    "vo",
    "zos",
    "hfds",
    "mlotst",
    "rsntds",
    "sob",
    "sos",
    "tob",
    "wfo",
    "wo"
  ],
  "window_size": [
    8,
    15
  ]
}

{'train_runtime': 17.6808, 'train_samples_per_second': 1.81, 'train_steps_per_second': 0.057, 'train_loss': 14.42819595336914, 'epoch': 0.0}
***** train metrics *****
  epoch                    = 0.0
  params                   = 882480185
  train_loss               = 14.4282
  train_runtime            = 0:00:17.68
  train_samples            = 236880
  train_samples_per_second = 1.81
  train_steps_per_second   = 0.057
04/09/2026 00:25:45 - INFO - __main__ - *** Evaluate ***
***** eval metrics *****
  epoch                   = 0.0
  eval_loss               = inf
  eval_runtime            = 0:21:23.41
  eval_samples            = 2280
  eval_samples_per_second = 1.777
  eval_steps_per_second   = 0.056
